// Jest Snapshot v1, https://goo.gl/fbAQLP

exports[`should render the ExpenseListItem 1`] = `
<div>
  <h3>
     description: 
    <Link
      to="/edit/2"
    >
       
      Rent
       
    </Link>
  </h3>
  <p>
     amount:  
    109500
     
  </p>
  <p>
     created at: 
    -345600000
     
  </p>
</div>
`;
